ENABLE_QCN			Yes
USE_DYNAMIC_PFC_THRESHOLD	Yes
CLAMP_TARGET_RATE		No
PAUSE_TIME			5
DATA_RATE			10Gbps
LINK_DELAY			0.001ms
PACKET_PAYLOAD_SIZE		952
L2_CHUNK_SIZE			4000
L2_ACK_INTERVAL			1
L2_BACK_TO_ZERO			No
TOPOLOGY_FILE			/work/v2_400g/configs/topo_400g.txt
FLOW_FILE			/work/v2_400g/configs/fm400g_s4_dcql_flow.txt
TRACE_FILE			/work/v2_400g/results/fm400g_s4_dcql/s1_trace.txt
TRACE_OUTPUT_FILE		/work/v2_400g/results/fm400g_s4_dcql/trace_output.txt
SIMULATOR_STOP_TIME		0.041
CC_MODE		1
ALPHA_RESUME_INTERVAL		55
RATE_DECREASE_INTERVAL		4
RP_TIMER			300
EWMA_GAIN			0.00390625
FAST_RECOVERY_TIMES		5
RATE_AI				2000Mb/s
RATE_HAI			4000Mb/s
MIN_RATE		4000Mb/s
DCTCP_RATE_AI				1000Mb/s
ERROR_RATE_PER_LINK		0
HAS_WIN		1
GLOBAL_T		1
MI_THRESH		5
VAR_WIN		0
FAST_REACT		1
U_TARGET		0.95
INT_MULTI				1
RATE_BOUND		1
ACK_HIGH_PRIO		0
LINK_DOWN				0 0 0
ENABLE_TRACE				0
BUFFER_SIZE				64
QLEN_MON_FILE				/dev/null
QLEN_MON_START				0
QLEN_MON_END				41331220
KMAX_MAP				 400000000000 400
KMIN_MAP				 400000000000 100
PMAX_MAP				 400000000000 0.2
MULTI_RATE				1
SAMPLE_FEEDBACK				0
PFC_OUTPUT_FILE				/work/v2_400g/results/fm400g_s4_dcql/pfc_events.csv
SBA_WIRE_DOMAIN_PLANNING		1
QLEN_TS_FILE				/work/v2_400g/results/fm400g_s4_dcql/qlen_ts.csv
QLEN_TS_INTERVAL_NS			2000
TX_TIME_ROUND_NS		1
CBAP_REALLOC_PARSED migration_enable=0 core_initial_release=0 initial_release_ratio=0 migration_trace=0
maxRtt=12076 maxBdp=603800
Running Simulation.
111.859
