RUN fx10g_s3_dctcpx 22:59:19
RUN fx10g_s3_dcqx 22:59:19
OK  fx10g_s3_dctcpx 1173s peakRSS=0.12GB
RUN fx10g_s3_hpccx 23:18:52
OK  fx10g_s3_dcqx 1200s peakRSS=0.12GB
RUN fx200g_s0_dcqx 23:19:19
OK  fx200g_s0_dcqx 85s peakRSS=0.14GB
RUN fx200g_s0_dctcpx 23:20:44
OK  fx200g_s0_dctcpx 68s peakRSS=0.14GB
RUN fx200g_s0_hpccx 23:21:52
OK  fx200g_s0_hpccx 64s peakRSS=0.14GB
RUN fx200g_s1_dcqx 23:22:56
OK  fx200g_s1_dcqx 69s peakRSS=0.14GB
RUN fx200g_s1_dctcpx 23:24:05
OK  fx200g_s1_dctcpx 103s peakRSS=0.14GB
RUN fx200g_s1_hpccx 23:25:48
OK  fx200g_s1_hpccx 75s peakRSS=0.14GB
RUN fx400g_s0_dcqx 23:27:03
OK  fx400g_s0_dcqx 85s peakRSS=0.14GB
RUN fx400g_s0_dctcpx 23:28:28
OK  fx400g_s0_dctcpx 115s peakRSS=0.14GB
RUN fx400g_s0_hpccx 23:30:23
OK  fx400g_s0_hpccx 128s peakRSS=0.14GB
RUN fx400g_s1_dcqx 23:32:31
OK  fx400g_s1_dcqx 96s peakRSS=0.15GB
RUN fx400g_s1_dctcpx 23:34:07
OK  fx400g_s1_dctcpx 98s peakRSS=0.15GB
RUN fx400g_s1_hpccx 23:35:45
OK  fx400g_s1_hpccx 134s peakRSS=0.16GB
RUN fx400g_s2_dcqx 23:37:59
OK  fx10g_s3_hpccx 1191s peakRSS=0.12GB
RUN fx400g_s2_dctcpx 23:38:43
OK  fx400g_s2_dcqx 105s peakRSS=0.15GB
RUN fx400g_s2_hpccx 23:39:44
OK  fx400g_s2_dctcpx 135s peakRSS=0.15GB
RUN fx400g_s4_dcqx 23:40:58
OK  fx400g_s2_hpccx 134s peakRSS=0.16GB
RUN fx400g_s4_dctcpx 23:41:58
OK  fx400g_s4_dcqx 116s peakRSS=0.15GB
RUN fx400g_s4_hpccx 23:42:54
OK  fx400g_s4_dctcpx 134s peakRSS=0.16GB
OK  fx400g_s4_hpccx 171s peakRSS=0.16GB
=== frontier extension complete ===

== 10G s3 (64x16384KiB)  ideal 902.304 ms  [fm = formal matrix, fx = ultra-low-threshold extension] ==
arm      src      n   meanCCT    p99CCT   Qpk_MB   qdly_us    PFC  retx bg_tailG
cbap     fm   64/64  906.5474  919.7943    1.131     948.8      0     0      7.6
hpcc     fm   64/64  966.1069  968.0977    1.243    1042.8      0     0      7.4
hpccx    fx   64/64  969.3360  972.0330    1.240    1040.3      0     0      7.2
dcqn     fm   64/64  901.2423  917.3968    1.223    1025.6      0     0      7.6
dcql     fm   64/64  915.2200  932.2404    1.156     969.6      0     0      7.6
dcqx     fx    0/64       n/a       n/a    1.155     968.8      0     0      0.0
dctcp    fm   64/64  915.5298  916.7296    1.223    1025.6      0     0      7.6
dctcpx   fx   64/64  919.2944  945.2322    1.223    1025.6      0     0      7.6
timely   fm   64/64  923.8979  925.6945    1.225    1027.4      0     0      7.6

== 200G s0 (64x256KiB)  ideal 0.705 ms  [fm = formal matrix, fx = ultra-low-threshold extension] ==
arm      src      n   meanCCT    p99CCT   Qpk_MB   qdly_us    PFC  retx bg_tailG
cbap     fm   64/64    0.7436    0.7441    0.360      15.1      0     0    152.3
hpcc     fm   64/64    0.6417    0.7692   12.437     521.6      0     0    146.4
hpccx    fx   64/64    0.6412    0.7686   12.425     521.1      0     0    146.6
dcqn     fm   64/64    0.6152    0.7366   12.019     504.1      0     0    152.3
dcql     fm   64/64    0.6092    0.7305   11.874     498.0      0     0    152.3
dcqx     fx   64/64    0.6087    0.7301   11.863     497.5      0     0    152.3
dctcp    fm   64/64    0.6269    0.7502   12.340     517.6      0     0    152.3
dctcpx   fx   64/64    0.6269    0.7502   12.340     517.6      0     0    152.3
timely   fm   64/64    0.6256    0.7470   12.366     518.7      0     0    152.3

== 200G s1 (64x1024KiB)  ideal 2.820 ms  [fm = formal matrix, fx = ultra-low-threshold extension] ==
arm      src      n   meanCCT    p99CCT   Qpk_MB   qdly_us    PFC  retx bg_tailG
cbap     fm   64/64    2.7715    2.9217    0.469      19.7      0     0    152.3
hpcc     fm   64/64    2.9725    3.1188   19.402     813.8     78     0    146.4
hpccx    fx   64/64    2.9720    3.1173   19.404     813.8     78     0    146.4
dcqn     fm   64/64    2.8613    3.1667   17.160     719.8      0     0    152.3
dcql     fm   64/64    2.8916    2.9799   16.969     711.7      0     0    152.3
dcqx     fx   64/64    2.9293    2.9829   16.943     710.6      0     0    152.3
dctcp    fm   64/64    2.8074    2.9029   19.141     802.8    176     0    152.3
dctcpx   fx   64/64    2.8074    2.9029   19.141     802.8    176     0    152.3
timely   fm   64/64    2.7872    2.8842   19.134     802.5    178     0    152.3

== 400G s0 (64x256KiB)  ideal 0.352 ms  [fm = formal matrix, fx = ultra-low-threshold extension] ==
arm      src      n   meanCCT    p99CCT   Qpk_MB   qdly_us    PFC  retx bg_tailG
cbap     fm   64/64    0.3879    0.3881    0.353       7.4      0     0    304.6
hpcc     fm   64/64    0.3338    0.3976   12.771     267.8      0     0    292.8
hpccx    fx   64/64    0.3332    0.3970   12.743     267.2      0     0    292.8
dcqn     fm   64/64    0.3181    0.3788   12.231     256.5      0     0    304.6
dcql     fm   64/64    0.3167    0.3774   12.166     255.1      0     0    304.6
dcqx     fx   64/64    0.3152    0.3759   12.093     253.6      0     0    304.6
dctcp    fm   64/64    0.3291    0.3931   12.905     270.6      0     0    304.6
dctcpx   fx   64/64    0.3291    0.3931   12.905     270.6      0     0    304.6
timely   fm   64/64    0.3290    0.3929   13.005     272.7      0     0    304.6

== 400G s1 (64x1024KiB)  ideal 1.410 ms  [fm = formal matrix, fx = ultra-low-threshold extension] ==
arm      src      n   meanCCT    p99CCT   Qpk_MB   qdly_us    PFC  retx bg_tailG
cbap     fm   64/64    1.3609    1.4852    0.419       8.8      0     0    304.6
hpcc     fm   64/64    1.3549    1.5201   21.486     450.6    326     0    292.8
hpccx    fx   64/64    1.3539    1.5192   21.482     450.5    326     0    292.8
dcqn     fm   64/64    1.3742    1.4470   21.415     449.1    280     0    304.6
dcql     fm   64/64    1.3737    1.4457   21.438     449.6    276     0    304.6
dcqx     fx   64/64    1.3727    1.4441   21.390     448.6    274     0    304.6
dctcp    fm   64/64    1.3214    1.4851   21.739     455.9    308     0    304.6
dctcpx   fx   64/64    1.3214    1.4851   21.739     455.9    308     0    304.6
timely   fm   64/64    1.3042    1.4614   21.620     453.4    308     0    304.6

== 400G s2 (64x4096KiB)  ideal 5.639 ms  [fm = formal matrix, fx = ultra-low-threshold extension] ==
arm      src      n   meanCCT    p99CCT   Qpk_MB   qdly_us    PFC  retx bg_tailG
cbap     fm   64/64    5.4551    5.8736    0.493      10.3      0     0    304.6
hpcc     fm   64/64    6.0357    6.2444   21.486     450.6    812     0    292.8
hpccx    fx   64/64    6.1659    6.3817   21.482     450.5    784     0    293.0
dcqn     fm   64/64    5.9976    6.5005   21.415     449.1    322     0    177.1
dcql     fm   64/64    5.9491    6.1890   21.438     449.6    544     0    262.6
dcqx     fx   64/64    5.9958    6.1388   21.390     448.6    512     0    211.5
dctcp    fm   64/64    5.4399    5.9666   21.748     456.1   1676     0    304.6
dctcpx   fx   64/64    5.4601    5.9772   21.748     456.1   1676     0    304.6
timely   fm   64/64    5.2416    5.7342   21.620     453.4   1610     0    304.6

== 400G s4 (64x4096KiB)  ideal 5.639 ms  [fm = formal matrix, fx = ultra-low-threshold extension] ==
arm      src      n   meanCCT    p99CCT   Qpk_MB   qdly_us    PFC  retx bg_tailG
cbap     fm   64/64    5.5082    5.9079    0.525      11.0      0     0    362.7
hpcc     fm   64/64    6.0402    6.2626   21.524     451.4    812     0    346.1
hpccx    fx   64/64    6.1672    6.3754   21.484     450.6    784     0    322.9
dcqn     fm   64/64    6.0348    6.5148   21.393     448.6    322     0    177.1
dcql     fm   64/64    5.9372    6.1920   21.411     449.0    554     0    262.6
dcqx     fx   64/64    5.9848    6.2375   21.436     449.5    468     0    211.5
dctcp    fm   64/64    5.4396    5.9681   21.753     456.2   1652     0    362.7
dctcpx   fx   64/64    5.4583    5.9867   21.753     456.2   1648     0    362.5
timely   fm   64/64    5.2460    5.7342   21.604     453.1   1606     0    362.5

05_frontier_ext_results.csv written (21 fx cells)
INCOMPLETE fx cells: fx10g_s3_dcqx
