determinism twin: fm400g_s2_cbap twice, byte-compare
  identical flow_summary.csv
  identical flow_timing.csv
  identical rate_transition.csv
  identical pfc_events.csv
  identical round_summary.csv
DETERMINISM OK (single seed justified at 400G)
RUN fm10g_s0_cbap 13:47:13
RUN fm10g_s0_hpcc 13:47:13
OK  fm10g_s0_hpcc 49s peakRSS=0.12GB
RUN fm10g_s0_dcqn 13:48:02
OK  fm10g_s0_cbap 69s peakRSS=0.14GB
RUN fm10g_s0_dcql 13:48:22
OK  fm10g_s0_dcqn 54s peakRSS=0.12GB
RUN fm10g_s0_dctcp 13:48:56
OK  fm10g_s0_dcql 65s peakRSS=0.12GB
RUN fm10g_s0_timely 13:49:27
OK  fm10g_s0_timely 48s peakRSS=0.12GB
RUN fm10g_s1_cbap 13:50:15
OK  fm10g_s0_dctcp 82s peakRSS=0.12GB
RUN fm10g_s1_hpcc 13:50:18
OK  fm10g_s1_hpcc 104s peakRSS=0.12GB
RUN fm10g_s1_dcqn 13:52:02
OK  fm10g_s1_cbap 157s peakRSS=0.16GB
RUN fm10g_s1_dcql 13:52:52
OK  fm10g_s1_dcqn 104s peakRSS=0.12GB
RUN fm10g_s1_dctcp 13:53:46
OK  fm10g_s1_dcql 100s peakRSS=0.12GB
RUN fm10g_s1_timely 13:54:32
OK  fm10g_s1_dctcp 138s peakRSS=0.12GB
RUN fm10g_s2_cbap 13:56:04
OK  fm10g_s1_timely 131s peakRSS=0.12GB
RUN fm10g_s2_hpcc 13:56:43
OK  fm10g_s2_hpcc 336s peakRSS=0.12GB
RUN fm10g_s2_dcqn 14:02:19
OK  fm10g_s2_cbap 386s peakRSS=0.23GB
RUN fm10g_s2_dcql 14:02:30
OK  fm10g_s2_dcqn 329s peakRSS=0.12GB
RUN fm10g_s2_dctcp 14:07:48
OK  fm10g_s2_dcql 374s peakRSS=0.12GB
RUN fm10g_s2_timely 14:08:44
OK  fm10g_s2_dctcp 328s peakRSS=0.12GB
RUN fm10g_s3_cbap 14:13:16
OK  fm10g_s2_timely 317s peakRSS=0.12GB
RUN fm10g_s3_hpcc 14:14:01
OK  fm10g_s3_hpcc 1190s peakRSS=0.12GB
RUN fm10g_s3_dcqn 14:33:51
OK  fm10g_s3_cbap 1398s peakRSS=0.40GB
RUN fm10g_s3_dcql 14:36:34
OK  fm10g_s3_dcqn 1270s peakRSS=0.12GB
RUN fm10g_s3_dctcp 14:55:01
OK  fm10g_s3_dcql 1264s peakRSS=0.12GB
RUN fm10g_s3_timely 14:57:38
OK  fm10g_s3_dctcp 1215s peakRSS=0.12GB
RUN fm10g_s4_cbap 15:15:16
OK  fm10g_s3_timely 1166s peakRSS=0.12GB
RUN fm10g_s4_hpcc 15:17:04
OK  fm10g_s4_cbap 382s peakRSS=0.23GB
RUN fm10g_s4_dcqn 15:21:38
OK  fm10g_s4_hpcc 325s peakRSS=0.12GB
RUN fm10g_s4_dcql 15:22:29
OK  fm10g_s4_dcqn 329s peakRSS=0.12GB
RUN fm10g_s4_dctcp 15:27:07
OK  fm10g_s4_dcql 333s peakRSS=0.12GB
RUN fm10g_s4_timely 15:28:02
OK  fm10g_s4_dctcp 325s peakRSS=0.12GB
RUN fm10g_s5_cbap 15:32:32
OK  fm10g_s4_timely 319s peakRSS=0.12GB
RUN fm10g_s5_hpcc 15:33:21
OK  fm10g_s5_cbap 355s peakRSS=0.23GB
RUN fm10g_s5_dcqn 15:38:27
OK  fm10g_s5_hpcc 324s peakRSS=0.12GB
RUN fm10g_s5_dcql 15:38:45
OK  fm10g_s5_dcqn 321s peakRSS=0.12GB
RUN fm10g_s5_dctcp 15:43:48
OK  fm10g_s5_dcql 320s peakRSS=0.12GB
RUN fm10g_s5_timely 15:44:05
OK  fm10g_s5_dctcp 321s peakRSS=0.12GB
RUN fm10g_s2_dcqs 15:49:09
OK  fm10g_s5_timely 347s peakRSS=0.12GB
RUN fm10g_s2_cbap0 15:49:52
OK  fm10g_s2_dcqs 325s peakRSS=0.12GB
RUN fm200g_s0_cbap 15:54:34
OK  fm200g_s0_cbap 65s peakRSS=0.25GB
RUN fm200g_s0_hpcc 15:55:39
OK  fm10g_s2_cbap0 379s peakRSS=0.23GB
RUN fm200g_s0_dcqn 15:56:11
OK  fm200g_s0_hpcc 63s peakRSS=0.14GB
RUN fm200g_s0_dcql 15:56:42
OK  fm200g_s0_dcqn 69s peakRSS=0.14GB
RUN fm200g_s0_dctcp 15:57:20
OK  fm200g_s0_dcql 60s peakRSS=0.14GB
RUN fm200g_s0_timely 15:57:42
OK  fm200g_s0_dctcp 59s peakRSS=0.14GB
RUN fm200g_s1_cbap 15:58:19
OK  fm200g_s0_timely 87s peakRSS=0.14GB
RUN fm200g_s1_hpcc 15:59:09
OK  fm200g_s1_cbap 76s peakRSS=0.27GB
RUN fm200g_s1_dcqn 15:59:35
OK  fm200g_s1_hpcc 74s peakRSS=0.14GB
RUN fm200g_s1_dcql 16:00:23
OK  fm200g_s1_dcqn 68s peakRSS=0.14GB
RUN fm200g_s1_dctcp 16:00:43
OK  fm200g_s1_dcql 74s peakRSS=0.14GB
RUN fm200g_s1_timely 16:01:37
OK  fm200g_s1_dctcp 70s peakRSS=0.14GB
RUN fm200g_s2_cbap 16:01:53
OK  fm200g_s1_timely 66s peakRSS=0.14GB
RUN fm200g_s2_hpcc 16:02:43
OK  fm200g_s2_cbap 123s peakRSS=0.34GB
RUN fm200g_s2_dcqn 16:03:56
OK  fm200g_s2_hpcc 127s peakRSS=0.14GB
RUN fm200g_s2_dcql 16:04:50
OK  fm200g_s2_dcqn 94s peakRSS=0.14GB
RUN fm200g_s2_dctcp 16:05:30
OK  fm200g_s2_dcql 93s peakRSS=0.14GB
RUN fm200g_s2_timely 16:06:23
OK  fm200g_s2_dctcp 106s peakRSS=0.14GB
RUN fm200g_s3_cbap 16:07:16
OK  fm200g_s2_timely 103s peakRSS=0.14GB
RUN fm200g_s3_hpcc 16:08:06
OK  fm200g_s3_cbap 299s peakRSS=0.40GB
RUN fm200g_s3_dcqn 16:12:15
OK  fm200g_s3_hpcc 305s peakRSS=0.14GB
RUN fm200g_s3_dcql 16:13:11
OK  fm200g_s3_dcqn 248s peakRSS=0.14GB
RUN fm200g_s3_dctcp 16:16:23
OK  fm200g_s3_dcql 233s peakRSS=0.14GB
RUN fm200g_s3_timely 16:17:04
OK  fm200g_s3_dctcp 264s peakRSS=0.14GB
RUN fm200g_s4_cbap 16:20:47
OK  fm200g_s3_timely 244s peakRSS=0.14GB
RUN fm200g_s4_hpcc 16:21:08
OK  fm200g_s4_cbap 122s peakRSS=0.37GB
RUN fm200g_s4_dcqn 16:22:49
OK  fm200g_s4_hpcc 158s peakRSS=0.14GB
RUN fm200g_s4_dcql 16:23:46
OK  fm200g_s4_dcqn 147s peakRSS=0.14GB
RUN fm200g_s4_dctcp 16:25:16
OK  fm200g_s4_dcql 95s peakRSS=0.14GB
RUN fm200g_s4_timely 16:25:21
OK  fm200g_s4_dctcp 110s peakRSS=0.14GB
RUN fm200g_s5_cbap 16:27:06
OK  fm200g_s4_timely 133s peakRSS=0.14GB
RUN fm200g_s5_hpcc 16:27:34
OK  fm200g_s5_hpcc 112s peakRSS=0.13GB
RUN fm200g_s5_dcqn 16:29:26
OK  fm200g_s5_cbap 147s peakRSS=0.33GB
RUN fm200g_s5_dcql 16:29:33
OK  fm200g_s5_dcqn 132s peakRSS=0.13GB
RUN fm200g_s5_dctcp 16:31:38
OK  fm200g_s5_dcql 139s peakRSS=0.13GB
RUN fm200g_s5_timely 16:31:52
OK  fm200g_s5_dctcp 105s peakRSS=0.13GB
RUN fm200g_s2_dcqs 16:33:23
OK  fm200g_s5_timely 102s peakRSS=0.13GB
RUN fm200g_s2_cbap0 16:33:34
OK  fm200g_s2_cbap0 111s peakRSS=0.35GB
RUN fm400g_s0_cbap 16:35:25
OK  fm200g_s2_dcqs 135s peakRSS=0.14GB
RUN fm400g_s0_hpcc 16:35:38
OK  fm400g_s0_hpcc 136s peakRSS=0.14GB
RUN fm400g_s0_dcqn 16:37:54
OK  fm400g_s0_cbap 150s peakRSS=0.35GB
RUN fm400g_s0_dcql 16:37:55
OK  fm400g_s0_dcql 84s peakRSS=0.14GB
RUN fm400g_s0_dctcp 16:39:19
OK  fm400g_s0_dcqn 95s peakRSS=0.14GB
RUN fm400g_s0_timely 16:39:29
OK  fm400g_s0_dctcp 84s peakRSS=0.14GB
RUN fm400g_s1_cbap 16:40:43
OK  fm400g_s0_timely 90s peakRSS=0.14GB
RUN fm400g_s1_hpcc 16:40:59
OK  fm400g_s1_hpcc 116s peakRSS=0.16GB
RUN fm400g_s1_dcqn 16:42:55
OK  fm400g_s1_cbap 138s peakRSS=0.39GB
RUN fm400g_s1_dcql 16:43:01
OK  fm400g_s1_dcql 94s peakRSS=0.15GB
RUN fm400g_s1_dctcp 16:44:35
OK  fm400g_s1_dcqn 125s peakRSS=0.15GB
RUN fm400g_s1_timely 16:45:00
OK  fm400g_s1_dctcp 149s peakRSS=0.15GB
SKIP fm400g_s2_cbap (already done)
RUN fm400g_s2_hpcc 16:47:04
OK  fm400g_s1_timely 136s peakRSS=0.15GB
RUN fm400g_s2_dcqn 16:47:16
OK  fm400g_s2_dcqn 155s peakRSS=0.15GB
RUN fm400g_s2_dcql 16:49:51
OK  fm400g_s2_hpcc 182s peakRSS=0.16GB
RUN fm400g_s2_dctcp 16:50:06
OK  fm400g_s2_dcql 108s peakRSS=0.15GB
RUN fm400g_s2_timely 16:51:39
OK  fm400g_s2_dctcp 128s peakRSS=0.16GB
RUN fm400g_s3_cbap 16:52:14
OK  fm400g_s2_timely 118s peakRSS=0.16GB
RUN fm400g_s3_hpcc 16:53:37
OK  fm400g_s3_cbap 265s peakRSS=0.40GB
RUN fm400g_s3_dcqn 16:56:39
OK  fm400g_s3_hpcc 298s peakRSS=0.16GB
RUN fm400g_s3_dcql 16:58:35
OK  fm400g_s3_dcqn 247s peakRSS=0.15GB
RUN fm400g_s3_dctcp 17:00:46
OK  fm400g_s3_dcql 253s peakRSS=0.15GB
RUN fm400g_s3_timely 17:02:48
OK  fm400g_s3_dctcp 250s peakRSS=0.16GB
RUN fm400g_s4_cbap 17:04:56
OK  fm400g_s3_timely 235s peakRSS=0.16GB
RUN fm400g_s4_hpcc 17:06:43
OK  fm400g_s4_cbap 154s peakRSS=0.40GB
RUN fm400g_s4_dcqn 17:07:31
OK  fm400g_s4_hpcc 142s peakRSS=0.16GB
RUN fm400g_s4_dcql 17:09:05
OK  fm400g_s4_dcqn 103s peakRSS=0.15GB
RUN fm400g_s4_dctcp 17:09:14
OK  fm400g_s4_dcql 112s peakRSS=0.15GB
RUN fm400g_s4_timely 17:10:57
OK  fm400g_s4_dctcp 157s peakRSS=0.15GB
RUN fm400g_s5_cbap 17:11:51
OK  fm400g_s4_timely 115s peakRSS=0.16GB
RUN fm400g_s5_hpcc 17:12:52
OK  fm400g_s5_cbap 135s peakRSS=0.39GB
RUN fm400g_s5_dcqn 17:14:06
OK  fm400g_s5_dcqn 97s peakRSS=0.14GB
RUN fm400g_s5_dcql 17:15:43
OK  fm400g_s5_hpcc 189s peakRSS=0.14GB
RUN fm400g_s5_dctcp 17:16:01
OK  fm400g_s5_dcql 113s peakRSS=0.14GB
RUN fm400g_s5_timely 17:17:36
OK  fm400g_s5_dctcp 124s peakRSS=0.14GB
RUN fm400g_s2_dcqs 17:18:05
OK  fm400g_s2_dcqs 91s peakRSS=0.15GB
RUN fm400g_s2_cbap0 17:19:36
OK  fm400g_s5_timely 159s peakRSS=0.14GB
RUN fm400g_s2_cbap_b8 17:20:15
OK  fm400g_s2_cbap0 155s peakRSS=0.39GB
RUN fm400g_s2_hpcc_b8 17:22:11
OK  fm400g_s2_cbap_b8 186s peakRSS=0.40GB
RUN fm400g_s2_dcqn_b8 17:23:21
OK  fm400g_s2_hpcc_b8 171s peakRSS=0.16GB
RUN fm400g_s2_cbap_b32 17:25:02
OK  fm400g_s2_dcqn_b8 112s peakRSS=0.15GB
RUN fm400g_s2_hpcc_b32 17:25:13
OK  fm400g_s2_hpcc_b32 161s peakRSS=0.16GB
RUN fm400g_s2_dcqn_b32 17:27:54
OK  fm400g_s2_cbap_b32 182s peakRSS=0.40GB
OK  fm400g_s2_dcqn_b32 99s peakRSS=0.15GB
=== formal matrix complete ===

== 10G s0 (64x256KiB) buffer=64MB  ideal 14.099 ms ==
arm          n   meanCCT    p99CCT  p99/idl   Qpk_MB   qdly_us   PFC  retx  bg_tailG  gates
cbap     64/64   14.2649   14.2751    1.013    0.183     153.6     0     0       7.4  PASS
hpcc     64/64   14.8929   15.1925    1.078    1.243    1042.8     0     0       7.2  PASS
dcqn     64/64   14.1658   15.1533    1.075    1.223    1025.6     0     0       5.3  PASS
dcql     64/64   14.8125   15.7551    1.118    1.156     969.6     0     0       5.1  PASS
dctcp    64/64   14.1197   14.3938    1.021    1.223    1025.6     0     0       7.6  PASS
timely   64/64   14.3259   14.5483    1.032    1.225    1027.4     0     0       7.6  PASS

== 10G s1 (64x1024KiB) buffer=64MB  ideal 56.394 ms ==
arm          n   meanCCT    p99CCT  p99/idl   Qpk_MB   qdly_us   PFC  retx  bg_tailG  gates
cbap     64/64   55.2935   57.0080    1.011    1.028     862.4     0     0       7.6  CBAP over Q_abs (862us > 826us)
hpcc     64/64   59.9798   60.5749    1.074    1.243    1042.8     0     0       7.4  PASS
dcqn     64/64   54.7666   58.4636    1.037    1.223    1025.6     0     0       7.6  PASS
dcql     64/64   57.0925   60.6941    1.076    1.156     969.6     0     0       7.6  PASS
dctcp    64/64   56.7120   57.4122    1.018    1.223    1025.6     0     0       7.6  PASS
timely   64/64   57.5493   58.0359    1.029    1.225    1027.4     0     0       7.4  PASS

== 10G s2 (64x4096KiB) buffer=64MB  ideal 225.576 ms ==
arm          n   meanCCT    p99CCT  p99/idl   Qpk_MB   qdly_us   PFC  retx  bg_tailG  gates
cbap     64/64  223.2576  229.1084    1.016    1.131     948.8     0     0       7.6  CBAP over Q_abs (949us > 826us)
cbap0    64/64  222.8392  228.2166    1.012    1.124     943.2     0     0       7.6  CBAP over Q_abs (943us > 826us)
hpcc     64/64  240.9660  242.1315    1.073    1.243    1042.8     0     0       7.4  PASS
dcqn     64/64  222.4664  229.4195    1.017    1.223    1025.6     0     0       7.6  PASS
dcql     64/64  226.5203  234.7802    1.041    1.156     969.6     0     0       7.6  PASS
dctcp    64/64  228.1360  229.3267    1.017    1.223    1025.6     0     0       7.6  PASS
timely   64/64  230.6899  231.7125    1.027    1.225    1027.4     0     0       7.6  PASS
dcqs     64/64  222.4664  229.4195    1.017    1.223    1025.6     0     0       7.6  PASS

== 10G s3 (64x16384KiB) buffer=64MB  ideal 902.304 ms ==
arm          n   meanCCT    p99CCT  p99/idl   Qpk_MB   qdly_us   PFC  retx  bg_tailG  gates
cbap     64/64  906.5474  919.7943    1.019    1.131     948.8     0     0       7.6  CBAP over Q_abs (949us > 826us)
hpcc     64/64  966.1069  968.0977    1.073    1.243    1042.8     0     0       7.4  PASS
dcqn     64/64  901.2423  917.3968    1.017    1.223    1025.6     0     0       7.6  PASS
dcql     64/64  915.2200  932.2404    1.033    1.156     969.6     0     0       7.6  PASS
dctcp    64/64  915.5298  916.7296    1.016    1.223    1025.6     0     0       7.6  PASS
timely   64/64  923.8979  925.6945    1.026    1.225    1027.4     0     0       7.6  PASS

== 10G s4 (64x4096KiB) buffer=64MB  ideal 225.576 ms ==
arm          n   meanCCT    p99CCT  p99/idl   Qpk_MB   qdly_us   PFC  retx  bg_tailG  gates
cbap     64/64  222.6882  228.8587    1.015    1.121     940.0     0     0       8.9  CBAP over Q_abs (940us > 826us)
hpcc     64/64  240.9521  242.1008    1.073    1.244    1043.7     0     0       8.6  PASS
dcqn     64/64  222.2066  230.3814    1.021    1.223    1025.6     0     0       9.1  PASS
dcql     64/64  225.3287  234.4949    1.040    1.158     971.2     0     0       9.1  PASS
dctcp    64/64  228.1347  229.3136    1.017    1.223    1025.6     0     0       9.1  PASS
timely   64/64  230.5738  231.5800    1.027    1.225    1027.4     0     0       8.9  PASS

== 10G s5 (32x8192KiB) buffer=64MB  ideal 225.576 ms ==
arm          n   meanCCT    p99CCT  p99/idl   Qpk_MB   qdly_us   PFC  retx  bg_tailG  gates
cbap     32/32  231.3712  232.6053    1.031    0.612     513.6     0     0       7.6  PASS
hpcc     32/32  244.3794  245.9148    1.090    0.592     496.8     0     0       7.2  PASS
dcqn     32/32  232.1008  236.1344    1.047    0.612     513.6     0     0       7.6  PASS
dcql     32/32  229.3636  239.6639    1.062    0.524     439.2     0     0       7.6  PASS
dctcp    32/32  232.7134  232.8113    1.032    0.612     513.6     0     0       7.6  PASS
timely   32/32  270.1182  271.1692    1.202    0.611     512.9     0     0       7.6  PASS

== 200G s0 (64x256KiB) buffer=64MB  ideal 0.705 ms ==
arm          n   meanCCT    p99CCT  p99/idl   Qpk_MB   qdly_us   PFC  retx  bg_tailG  gates
cbap     64/64    0.7436    0.7441    1.056    0.360      15.1     0     0     152.3  PASS
hpcc     64/64    0.6417    0.7692    1.091   12.437     521.6     0     0     146.4  PASS
dcqn     64/64    0.6152    0.7366    1.045   12.019     504.1     0     0     152.3  PASS
dcql     64/64    0.6092    0.7305    1.036   11.874     498.0     0     0     152.3  PASS
dctcp    64/64    0.6269    0.7502    1.064   12.340     517.6     0     0     152.3  PASS
timely   64/64    0.6256    0.7470    1.060   12.366     518.7     0     0     152.3  PASS

== 200G s1 (64x1024KiB) buffer=64MB  ideal 2.820 ms ==
arm          n   meanCCT    p99CCT  p99/idl   Qpk_MB   qdly_us   PFC  retx  bg_tailG  gates
cbap     64/64    2.7715    2.9217    1.036    0.469      19.7     0     0     152.3  PASS
hpcc     64/64    2.9725    3.1188    1.106   19.402     813.8    78     0     146.4  PASS
dcqn     64/64    2.8613    3.1667    1.123   17.160     719.8     0     0     152.3  PASS
dcql     64/64    2.8916    2.9799    1.057   16.969     711.7     0     0     152.3  PASS
dctcp    64/64    2.8074    2.9029    1.030   19.141     802.8   176     0     152.3  PASS
timely   64/64    2.7872    2.8842    1.023   19.134     802.5   178     0     152.3  PASS

== 200G s2 (64x4096KiB) buffer=64MB  ideal 11.279 ms ==
arm          n   meanCCT    p99CCT  p99/idl   Qpk_MB   qdly_us   PFC  retx  bg_tailG  gates
cbap     64/64   11.0236   11.5585    1.025    0.546      22.9     0     0     152.3  PASS
cbap0    64/64   11.3410   11.4586    1.016    0.419      17.6     0     0     152.3  PASS
hpcc     64/64   12.3177   12.4544    1.104   19.402     813.8    78     0     146.6  PASS
dcqn     64/64   11.9655   12.9701    1.150   17.160     719.8     0     0     112.0  PASS
dcql     64/64   12.3348   13.1569    1.167   16.969     711.7     0     0     105.9  PASS
dctcp    64/64   11.8755   12.1320    1.076   19.155     803.4   436     0     152.3  PASS
timely   64/64   11.2335   11.8573    1.051   19.147     803.1   830     0     152.3  PASS
dcqs     64/64   12.1152   13.6332    1.209   17.160     719.8     0     0       8.0  PASS

== 200G s3 (64x16384KiB) buffer=64MB  ideal 45.115 ms ==
arm          n   meanCCT    p99CCT  p99/idl   Qpk_MB   qdly_us   PFC  retx  bg_tailG  gates
cbap     64/64   43.6157   45.8064    1.015    0.546      22.9     0     0     152.3  PASS
hpcc     64/64   49.5552   49.8412    1.105   19.402     813.8    78     0     146.4  PASS
dcqn     64/64   44.8301   48.9832    1.086   17.160     719.8     0     0     152.3  PASS
dcql     64/64   45.9500   49.8322    1.105   16.969     711.7     0     0     152.3  PASS
dctcp    64/64   45.9451   46.8144    1.038   19.155     803.4   436     0     152.3  PASS
timely   64/64   47.2906   47.7998    1.060   19.147     803.1   830     0     152.3  PASS

== 200G s4 (64x4096KiB) buffer=64MB  ideal 11.279 ms ==
arm          n   meanCCT    p99CCT  p99/idl   Qpk_MB   qdly_us   PFC  retx  bg_tailG  gates
cbap     64/64   10.9317   11.5699    1.026    0.543      22.8     0     0     181.5  PASS
hpcc     64/64   12.2879   12.4792    1.106   19.411     814.1    78     0     173.1  PASS
dcqn     64/64   11.9795   13.1779    1.168   17.138     718.8     0     0     112.9  PASS
dcql     64/64   12.3425   13.1527    1.166   16.981     712.2     0     0     107.4  PASS
dctcp    64/64   11.8531   12.0849    1.071   19.156     803.5   436     0     181.5  PASS
timely   64/64   11.2309   11.8541    1.051   19.145     803.0   830     0     181.3  PASS

== 200G s5 (32x8192KiB) buffer=64MB  ideal 11.279 ms ==
arm          n   meanCCT    p99CCT  p99/idl   Qpk_MB   qdly_us   PFC  retx  bg_tailG  gates
cbap     32/32   10.9824   11.6622    1.034    0.479      20.1     0     0     152.3  PASS
hpcc     32/32   12.6975   13.0148    1.154    9.385     393.6     0     0     146.4  PASS
dcqn     32/32   12.4260   14.4636    1.282    7.424     311.4     0     0     107.4  PASS
dcql     32/32   13.2640   15.3250    1.359    7.191     301.6     0     0     107.4  PASS
dctcp    32/32   12.2334   12.7218    1.128    9.791     410.7     0     0     152.3  PASS
timely   32/32   11.8176   13.9170    1.234    9.795     410.8     0     0     152.3  PASS

== 400G s0 (64x256KiB) buffer=64MB  ideal 0.352 ms ==
arm          n   meanCCT    p99CCT  p99/idl   Qpk_MB   qdly_us   PFC  retx  bg_tailG  gates
cbap     64/64    0.3879    0.3881    1.101    0.353       7.4     0     0     304.6  PASS
hpcc     64/64    0.3338    0.3976    1.128   12.771     267.8     0     0     292.8  PASS
dcqn     64/64    0.3181    0.3788    1.075   12.231     256.5     0     0     304.6  PASS
dcql     64/64    0.3167    0.3774    1.071   12.166     255.1     0     0     304.6  PASS
dctcp    64/64    0.3291    0.3931    1.115   12.905     270.6     0     0     304.6  PASS
timely   64/64    0.3290    0.3929    1.115   13.005     272.7     0     0     304.6  PASS

== 400G s1 (64x1024KiB) buffer=64MB  ideal 1.410 ms ==
arm          n   meanCCT    p99CCT  p99/idl   Qpk_MB   qdly_us   PFC  retx  bg_tailG  gates
cbap     64/64    1.3609    1.4852    1.053    0.419       8.8     0     0     304.6  PASS
hpcc     64/64    1.3549    1.5201    1.078   21.486     450.6   326     0     292.8  PASS
dcqn     64/64    1.3742    1.4470    1.026   21.415     449.1   280     0     304.6  PASS
dcql     64/64    1.3737    1.4457    1.025   21.438     449.6   276     0     304.6  PASS
dctcp    64/64    1.3214    1.4851    1.053   21.739     455.9   308     0     304.6  PASS
timely   64/64    1.3042    1.4614    1.037   21.620     453.4   308     0     304.6  PASS

== 400G s2 (64x4096KiB) buffer=8MB  ideal 5.639 ms ==
arm          n   meanCCT    p99CCT  p99/idl   Qpk_MB   qdly_us   PFC  retx  bg_tailG  gates
cbap     64/64    5.4551    5.8736    1.042    0.493      10.3     0     0     304.6  PASS
hpcc     64/64    5.9736    6.2918    1.116    2.795      58.6  2442     0     293.0  PASS
dcqn     64/64    6.0570    6.6746    1.184    2.723      57.1  2146     0     190.4  PASS

== 400G s2 (64x4096KiB) buffer=32MB  ideal 5.639 ms ==
arm          n   meanCCT    p99CCT  p99/idl   Qpk_MB   qdly_us   PFC  retx  bg_tailG  gates
cbap     64/64    5.4551    5.8736    1.042    0.493      10.3     0     0     304.6  PASS
hpcc     64/64    6.1139    6.2364    1.106   10.808     226.7   792     0     292.8  PASS
dcqn     64/64    5.9606    6.3944    1.134   10.736     225.1   724     0     211.5  PASS

== 400G s2 (64x4096KiB) buffer=64MB  ideal 5.639 ms ==
arm          n   meanCCT    p99CCT  p99/idl   Qpk_MB   qdly_us   PFC  retx  bg_tailG  gates
cbap     64/64    5.4551    5.8736    1.042    0.493      10.3     0     0     304.6  PASS
cbap0    64/64    5.7162    5.7420    1.018    0.397       8.3     0     0     304.6  PASS
hpcc     64/64    6.0357    6.2444    1.107   21.486     450.6   812     0     292.8  PASS
dcqn     64/64    5.9976    6.5005    1.153   21.415     449.1   322     0     177.1  PASS
dcql     64/64    5.9491    6.1890    1.097   21.438     449.6   544     0     262.6  PASS
dctcp    64/64    5.4399    5.9666    1.058   21.748     456.1  1676     0     304.6  PASS
timely   64/64    5.2416    5.7342    1.017   21.620     453.4  1610     0     304.6  PASS
dcqs     64/64    5.9976    6.5005    1.153   21.415     449.1   322     0      19.6  PASS

== 400G s3 (64x16384KiB) buffer=64MB  ideal 22.558 ms ==
arm          n   meanCCT    p99CCT  p99/idl   Qpk_MB   qdly_us   PFC  retx  bg_tailG  gates
cbap     64/64   21.5794   23.1420    1.026    2.046      42.9     0     0     304.6  PASS
hpcc     64/64   24.7881   25.0351    1.110   21.486     450.6   812     0     293.0  PASS
dcqn     64/64   23.3765   25.5245    1.132   21.415     449.1   322     0     262.6  PASS
dcql     64/64   23.9448   25.9184    1.149   21.438     449.6   544     0     262.8  PASS
dctcp    64/64   23.1690   23.7534    1.053   21.748     456.1  1784     0     304.6  PASS
timely   64/64   21.8349   23.9406    1.061   21.620     453.4  3694     0     304.6  PASS

== 400G s4 (64x4096KiB) buffer=64MB  ideal 5.639 ms ==
arm          n   meanCCT    p99CCT  p99/idl   Qpk_MB   qdly_us   PFC  retx  bg_tailG  gates
cbap     64/64    5.5082    5.9079    1.048    0.525      11.0     0     0     362.7  PASS
hpcc     64/64    6.0402    6.2626    1.111   21.524     451.4   812     0     346.1  PASS
dcqn     64/64    6.0348    6.5148    1.155   21.393     448.6   322     0     177.1  PASS
dcql     64/64    5.9372    6.1920    1.098   21.411     449.0   554     0     262.6  PASS
dctcp    64/64    5.4396    5.9681    1.058   21.753     456.2  1652     0     362.7  PASS
timely   64/64    5.2460    5.7342    1.017   21.604     453.1  1606     0     362.5  PASS

== 400G s5 (32x8192KiB) buffer=64MB  ideal 5.639 ms ==
arm          n   meanCCT    p99CCT  p99/idl   Qpk_MB   qdly_us   PFC  retx  bg_tailG  gates
cbap     32/32    5.5834    6.0883    1.080    0.514      10.8     0     0     304.6  PASS
hpcc     32/32    6.3957    6.7576    1.198   17.405     365.0    74     0     292.8  PASS
dcqn     32/32    7.0809    8.2396    1.461   14.225     298.3    14     0     181.5  PASS
dcql     32/32    7.5195    8.2259    1.459   14.058     294.8    12     0     177.1  PASS
dctcp    32/32    6.3798    6.6590    1.181   17.549     368.0   230     0     304.6  PASS
timely   32/32    5.8843    6.8542    1.215   17.467     366.3    64     0     304.6  PASS

final_results_v2.csv written (120 cells)
GATE VIOLATIONS (5):
  fm10g_s1_cbap: CBAP over Q_abs (862us > 826us)
  fm10g_s2_cbap: CBAP over Q_abs (949us > 826us)
  fm10g_s2_cbap0: CBAP over Q_abs (943us > 826us)
  fm10g_s3_cbap: CBAP over Q_abs (949us > 826us)
  fm10g_s4_cbap: CBAP over Q_abs (940us > 826us)
