ENABLE_QCN			Yes
USE_DYNAMIC_PFC_THRESHOLD	Yes
CLAMP_TARGET_RATE		No
PAUSE_TIME			5
DATA_RATE			10Gbps
LINK_DELAY			0.001ms
PACKET_PAYLOAD_SIZE		1000
L2_CHUNK_SIZE			4000
L2_ACK_INTERVAL			1
L2_BACK_TO_ZERO			No
TOPOLOGY_FILE			topology.txt
FLOW_FILE			s6_flow.txt
TRACE_FILE			ml_s6_on_out/s1_trace.txt
TRACE_OUTPUT_FILE		ml_s6_on_out/trace_output.txt
SIMULATOR_STOP_TIME		2.5
CC_MODE		30
ALPHA_RESUME_INTERVAL		55
RATE_DECREASE_INTERVAL		4
RP_TIMER			300
EWMA_GAIN			0.00390625
FAST_RECOVERY_TIMES		5
RATE_AI				50Mb/s
RATE_HAI			100Mb/s
MIN_RATE		100Mb/s
DCTCP_RATE_AI				1000Mb/s
ERROR_RATE_PER_LINK		0
HAS_WIN		1
GLOBAL_T		1
MI_THRESH		5
VAR_WIN		0
FAST_REACT		1
U_TARGET		0.95
INT_MULTI				1
RATE_BOUND		1
ACK_HIGH_PRIO		0
LINK_DOWN				0 0 0
ENABLE_TRACE				0
BUFFER_SIZE				8
QLEN_MON_FILE				ml_s6_on_out/qlen.txt
QLEN_MON_START				1990000000
QLEN_MON_END				2500000000
KMAX_MAP				 10000000000 1600
KMIN_MAP				 10000000000 400
PMAX_MAP				 10000000000 0.2
MULTI_RATE				1
SAMPLE_FEEDBACK				0
PFC_OUTPUT_FILE				ml_s6_on_out/pfc_events.csv
TX_SERIALIZATION_TRACE_FILE		tx_ml/s6_on_tx.csv
CBAP_TELEMETRY_LINK link_id=0 node=84 if=1 faces_node=64 dev_rate_bps=10000000000 cfg_capacity_bps=10000000000
CBAP_TELEMETRY_LINK link_id=1 node=83 if=1 faces_node=60 dev_rate_bps=10000000000 cfg_capacity_bps=10000000000
maxRtt=15200 maxBdp=19000
Running Simulation.
TX_RECORDER_ATTACHED slot=0 link=1 node=83 if=1
TX_RECORDER_ATTACHED slot=1 link=0 node=84 if=1
TX_RECORDER_EXPECTED_LINKS=2 ATTACHED=2
733.168
