=== 8-cell queue-delay-credit preflight ===
  q_hard_normal=19000 B (1.00 RTT)   q_hard_startup=86072 B (4.53 RTT)

  cell           mean     p99      CCT       gp_G   q_mean    q_peak    pk/RTT  util    ECN   PFC  retx  over
  S3 legacy      87.900   87.917   187.917   6.108  12937     56592     2.98    0.8858  0     0    0     0/0
  S3 t=0.25      67.470   67.488   167.488   7.957  44006     136240    7.17    0.8812  0     0    0     1/8
  S3 t=0.50      67.470   67.488   167.488   7.957  44006     136240    7.17    0.8812  0     0    0     1/8
  S3 t=0.80      67.470   67.488   167.488   7.957  44006     136240    7.17    0.8812  0     0    0     1/8

  S4 legacy      87.900   87.917   187.917   6.108  12939     58688     3.09    0.9655  0     0    0     0/0
  S4 t=0.25      67.470   67.487   167.487   7.957  44010     136240    7.17    0.9707  0     0    0     1/8
  S4 t=0.50      67.470   67.487   167.487   7.957  44010     136240    7.17    0.9707  0     0    0     1/8
  S4 t=0.80      67.470   67.487   167.487   7.957  44010     136240    7.17    0.9707  0     0    0     1/8

=== does queue rise with target (diagnostic of a working credit)? ===
  S3: legacy=56592  t025=136240  t050=136240  t080=136240  
  S4: legacy=58688  t025=136240  t050=136240  t080=136240  

=== time above the hard bounds (%) ===
  cell           above 1.00RTT  above 4.53RTT
  S3 legacy      30.19          0.00
  S3 t025        40.28          36.14
  S3 t050        40.28          36.14
  S3 t080        40.28          36.14
  S4 legacy      30.20          0.00
  S4 t025        40.28          36.06
  S4 t050        40.28          36.06
  S4 t080        40.28          36.06
