ENABLE_QCN			Yes
USE_DYNAMIC_PFC_THRESHOLD	Yes
CLAMP_TARGET_RATE		No
PAUSE_TIME			5
DATA_RATE			10Gbps
LINK_DELAY			0.001ms
PACKET_PAYLOAD_SIZE		1000
L2_CHUNK_SIZE			4000
L2_ACK_INTERVAL			1
L2_BACK_TO_ZERO			No
TOPOLOGY_FILE			topology.txt
FLOW_FILE			s1_flow.txt
TRACE_FILE			sm_s1_timely_out/s1_trace.txt
TRACE_OUTPUT_FILE		sm_s1_timely_out/trace_output.txt
SIMULATOR_STOP_TIME		2.1
CC_MODE		7
ALPHA_RESUME_INTERVAL		55
RATE_DECREASE_INTERVAL		4
RP_TIMER			300
EWMA_GAIN			0.00390625
FAST_RECOVERY_TIMES		5
RATE_AI				50Mb/s
RATE_HAI			100Mb/s
MIN_RATE		100Mb/s
DCTCP_RATE_AI				1000Mb/s
ERROR_RATE_PER_LINK		0
HAS_WIN		1
GLOBAL_T		1
MI_THRESH		5
VAR_WIN		0
FAST_REACT		1
U_TARGET		0.95
INT_MULTI				1
RATE_BOUND		1
ACK_HIGH_PRIO		0
LINK_DOWN				0 0 0
ENABLE_TRACE				0
BUFFER_SIZE				8
QLEN_MON_FILE				sm_s1_timely_out/qlen.txt
QLEN_MON_START				1900000000
QLEN_MON_END				2100000000
KMAX_MAP				 10000000000 1600
KMIN_MAP				 10000000000 400
PMAX_MAP				 10000000000 0.2
MULTI_RATE				1
SAMPLE_FEEDBACK				0
PFC_OUTPUT_FILE				sm_s1_timely_out/pfc_events.csv
CBAP_REALLOC_PARSED migration_enable=0 core_initial_release=0 initial_release_ratio=0 migration_trace=0
maxRtt=15200 maxBdp=19000
Running Simulation.
258.848
